.next/types/validator.ts(161,39): error TS2307: Cannot find module '../../src/app/api/dev/run-schedule-live-reminders/route.js' or its corresponding type declarations.
